TORQUE fork rehearsal. Local anvil fork of Robinhood Chain mainnet (chain 4663) at block 78,402,352.
Fork-only contracts: TorqueMarket 0x90e49f941bd68341A363225F5A2386D34a7FFd92, TorqueVault 0x19CC4DD8D86FC525f8CF37c51612DE91b1E52038. Not mainnet.
Real mainnet contracts as forked: USDG 0x5fc5360D0400a0Fd4f2af552ADD042D716F1d168, NVDA 0xd0601CE157Db5bdC3162BbaC2a2C8aF5320D9EEC, pool 0xd4EB21209C4D6093f80B5b84f5C45cc093EA14a3, Chainlink RHNVDA/USD 0x379EC4f7C378F34a1B47E4F3cbeBCbAC3E8E9F15

1. Deployed by script/Deploy.s.sol and seeded with 15 USDG in the same run; positions #1 (W0, $2 at 5x) and #2 (W1, $1 at 2x) opened.
  [price checks] feed $235.00 (fresh), pool 30-min $235.34, both checks pass: true
  [after setup] positions [1, 2]; NVDA held 0.050824 vs owed 0.050824 (1:1); vault assets 15.012001 USDG, idle 6.054000 USDG, bad debt 0.000000 USDG

2. LP fills the vault to its $20 cap; one more cent is refused by the contract.
  maxDeposit less 0.001: 4.986999 USDG (fees and interest already earned count toward the cap)
  tx 0x4b7b24137c567d4991ce05ed0cacec066f264df451706a73b0156b7d6662bfd6  W2 approve(0x19CC4DD8D86FC525f8CF37c51612DE91b1E52038, 4986999)  block 78402399
  tx 0xb9531e101a321c581627681faa57856d3da3ec454f2cb50083fa281f6fdf1dd1  W2 deposit(4986999, 0x3C44CdDdB6a900fa2b585dd299e03d12FA4293BC)  block 78402400
  refused: W2 deposit(10000, 0x3C44CdDdB6a900fa2b585dd299e03d12FA4293BC) -> ERC4626ExceededMaxDeposit(address,uint256,uint256)
  [vault at cap] positions [1, 2]; NVDA held 0.050824 vs owed 0.050824 (1:1); vault assets 19.999001 USDG, idle 11.040999 USDG, bad debt 0.000000 USDG

3. Open: W2 opens $1 at 3x. The market buys real NVDA in the pool; the hedge stays 1:1.
  tx 0x886911e5cb3a1e54a627dc6485f7791d7c4e8112f03304eb3e62dd0ee2a4785a  W2 approve(0x90e49f941bd68341A363225F5A2386D34a7FFd92, 1000000)  block 78402401
  tx 0x354c362f35f0c3ffc1eb826a8f42221939bbd1a7ed8f66a34016940f4fbef968  W2 open(1000000, 30000, 0)  block 78402402
  [after open] positions [1, 2, 3]; NVDA held 0.063549 vs owed 0.063549 (1:1); vault assets 20.002001 USDG, idle 9.049999 USDG, bad debt 0.000000 USDG

4. Close: W1 closes #2. The vault is repaid in full and the rest is paid in USDG.
  tx 0xa2ea6d6c58cea4135597aa20c5bcb3ea7fc957cf9c5f87c51b2976a89a7334ef  W1 close(2, 0)  block 78402403
  W1 received 0.996003 USDG
  [after close] positions [1, 3]; NVDA held 0.055057 vs owed 0.055057 (1:1); vault assets 20.002002 USDG, idle 10.048000 USDG, bad debt 0.000000 USDG

5. Failed check: the fork's feed is replaced by a test feed printing $195.00 (fork only; the pool is not moved).
  [price checks] feed $195.00 (fresh), pool 30-min $235.34, both checks pass: false
  refused: W2 open(1000000, 20000, 0) -> PoolPriceMismatch()
  refused: W2 deposit(10000, 0x3C44CdDdB6a900fa2b585dd299e03d12FA4293BC) -> PriceCheckFailed()

6. Permissionless knock-out: W2, who does not own #1, knocks it out (knock-out level $197.44 >= feed $195.00).
  refused: W2 knockOut(3) -> NotKnockable()
  tx 0xe94e8c407b78ed2b058f49b1c6c448e9abd0a5e052453b20d14de476639e89ac  W2 knockOut(1)  block 78402405
  W0 can claim 1.980052 USDG (the pool was not moved, so the sale filled near the pool price)
  [after knock-out] positions [3]; NVDA held 0.012725 vs owed 0.012725 (1:1); vault assets 20.002002 USDG, idle 18.008001 USDG, bad debt 0.000000 USDG

7. Claim: W0 pulls the knock-out residual.
  tx 0x71c8fc1577f71c5a76388a5ac9bce2d709581b239637b7885666c04ec6041367  W0 claim()  block 78402406
  W0 claimable now 0.000000 USDG
  [end] positions [3]; NVDA held 0.012725 vs owed 0.012725 (1:1); vault assets 20.002002 USDG, idle 18.008001 USDG, bad debt 0.000000 USDG
