M1 knock-out ignores stale feed -> caught (unit/adversarial tests failing: 1, invariants failing: 0)
M2 no utilization cap -> caught (unit/adversarial tests failing: 2, invariants failing: 1)
M3a vault cap check in _deposit removed -> SURVIVED
M3b vault cap removed (both checks) -> caught (unit/adversarial tests failing: 3, invariants failing: 1)
M4 mark loans at face value -> caught (unit/adversarial tests failing: 3, invariants failing: 1)
M5 vault shorted on knock-out -> caught (unit/adversarial tests failing: 7, invariants failing: 3)
M6 open allowed on stale feed -> caught (unit/adversarial tests failing: 2, invariants failing: 0)
M7 financing not accrued -> caught (unit/adversarial tests failing: 3, invariants failing: 2)
M8 barrier without buffer -> caught (unit/adversarial tests failing: 5, invariants failing: 1)
M10 close allowed underwater -> caught (unit/adversarial tests failing: 2, invariants failing: 0)
M11 open fill guard removed -> caught (unit/adversarial tests failing: 2, invariants failing: 0)
M12 OI cap removed -> caught (unit/adversarial tests failing: 2, invariants failing: 0)
M13 opens skip pool check -> caught (unit/adversarial tests failing: 2, invariants failing: 1)
M14 knock-outs skip pool check -> caught (unit/adversarial tests failing: 2, invariants failing: 0)
M15 LP flows skip pool check -> caught (unit/adversarial tests failing: 3, invariants failing: 1)
M16 mark ignores pool average -> caught (unit/adversarial tests failing: 1, invariants failing: 0)
M17 strict knock-out (no recency exemption) -> caught (unit/adversarial tests failing: 6, invariants failing: 1)
M18 band 10x wider -> caught (unit/adversarial tests failing: 3, invariants failing: 1)
M19 tick math sign flipped -> caught (unit/adversarial tests failing: 1, invariants failing: 0)
M20 unwind without dead-feed check -> caught (unit/adversarial tests failing: 3, invariants failing: 0)
M21 LP exits ignore price checks with loans open -> caught (unit/adversarial tests failing: 3, invariants failing: 1)
M22 dead-feed clock never resets on report -> caught (unit/adversarial tests failing: 1, invariants failing: 0)
M23 feed read reverts instead of 'no price' -> caught (unit/adversarial tests failing: 2, invariants failing: 0)
M24 open does not clear dead-feed clock -> caught (unit/adversarial tests failing: 1, invariants failing: 0)
M25 reentrancy guard removed from open+close -> caught (unit/adversarial tests failing: 1, invariants failing: 0)
sources restored
summary: 24 of 25 planted bugs caught
